// Jest Snapshot v1, https://goo.gl/fbAQLP

exports[`<Todos/> should render 1`] = `
"<Fragment>
  <TodoForm onSubmit={[Function: handleOnSubmit]} onError={[Function: handleOnError]} />
  <ErrorList errors={[undefined]} />
  <TodoList todos={{...}} onDelete={[Function: handleOnDelete]} onDone={[Function: handleOnDone]} />
</Fragment>"
`;
